// Jest Snapshot v1, https://goo.gl/fbAQLP

exports[`<Posts /> should mach snapshot 1`] = `
<div
  class="posts"
>
  <div
    class="post"
  >
    <img
      alt="Title 1"
      src="img/img1.png"
    />
    <div
      class="post-content"
    >
      <h1>
        Title 1
         
      </h1>
      <p>
        Body 1
      </p>
      <span>
        1
      </span>
    </div>
  </div>
  <div
    class="post"
  >
    <img
      alt="Title 2"
      src="img/img2.png"
    />
    <div
      class="post-content"
    >
      <h1>
        Title 2
         
      </h1>
      <p>
        Body 2
      </p>
      <span>
        2
      </span>
    </div>
  </div>
  <div
    class="post"
  >
    <img
      alt="Title 3"
      src="img/img3.png"
    />
    <div
      class="post-content"
    >
      <h1>
        Title 3
         
      </h1>
      <p>
        Body 3
      </p>
      <span>
        3
      </span>
    </div>
  </div>
</div>
`;
